"""
>>> import numpy as np
>>> lazy_matrix_mul([[1, 2], [3, 4]], [[1, 2], [3, 4]])
array([[ 7, 10],
       [15, 22]])
>>> lazy_matrix_mul([[1, 2]], [[3, 4], [5, 6]])
array([[13, 16]])
>>> lazy_matrix_mul([], [[1, 2], [3, 4]])
Traceback (most recent call last):
    ...
ValueError: m_a can't be empty
>>> lazy_matrix_mul([[1, 2], [3, 4]], [])
Traceback (most recent call last):
    ...
ValueError: m_b can't be empty
>>> lazy_matrix_mul([[1, 2, 3], [4, 5, 6]], [[1, 2], [3, 4]])
Traceback (most recent call last):
    ...
ValueError: m_a and m_b can't be multiplied
>>> lazy_matrix_mul([[1, 2], [3, 4]], [[1, 2, 3], [4, 5, 6]])
Traceback (most recent call last):
    ...
ValueError: m_a and m_b can't be multiplied
"""
